ERROR:example:出现了错误
INFO:example:打印信息
WARNING:example:警告信息
ERROR:example:出现了错误
INFO:example:打印信息
WARNING:example:警告信息
ERROR:example:出现了错误
INFO:example:打印信息
WARNING:example:警告信息
ERROR:example:出现了错误
INFO:example:打印信息
WARNING:example:警告信息
ERROR:example:出现了错误
INFO:example:打印信息
WARNING:example:警告信息
ERROR:example:出现了错误
INFO:example:打印信息
WARNING:example:警告信息
